// Jest Snapshot v1, https://goo.gl/fbAQLP

exports[`components/organisms/SearchBlock matches the snapshot of the component 1`] = `
Array [
  .c4 {
  border-radius: 0.625rem;
  border: 1px solid;
  cursor: pointer;
  display: block;
  font-weight: 300;
  text-align: center;
  -webkit-text-decoration: none;
  text-decoration: none;
  white-space: nowrap;
  width: auto;
  background: #DDDDDD;
  color: #000000;
  font-size: 0.9375rem;
  line-height: 1.0625rem;
  -webkit-letter-spacing: 0.02125rem;
  -moz-letter-spacing: 0.02125rem;
  -ms-letter-spacing: 0.02125rem;
  letter-spacing: 0.02125rem;
  padding: 1rem 2.59375rem;
  vertical-align: middle;
  outline: 0;
  -webkit-transition: color .15s ease-in-out, background-color .15s ease-in-out, border-color .15s ease-in-out;
  transition: color .15s ease-in-out, background-color .15s ease-in-out, border-color .15s ease-in-out;
}

.c4:focus {
  box-shadow: 0px 0px 2px 2px rgba(23,109,220,0.8);
}

.c1 {
  font-weight: 300;
  font-style: normal;
  color: #000000;
  font-size: 2.8125rem;
  line-height: 3.875rem;
  -webkit-letter-spacing: 0.076875rem;
  -moz-letter-spacing: 0.076875rem;
  -ms-letter-spacing: 0.076875rem;
  letter-spacing: 0.076875rem;
}

.c3 {
  width: 100%;
  box-sizing: border-box;
  height: 3.125rem;
  border: 1px solid #DDDDDD;
  border-radius: 0.1875rem;
  background-color: #ffffff;
  padding-left: 1.25rem;
  font-size: 1rem;
  min-width: 25rem;
}

.c2 {
  display: -webkit-box;
  display: -webkit-flex;
  display: -ms-flexbox;
  display: flex;
  -webkit-flex-direction: row;
  -ms-flex-direction: row;
  flex-direction: row;
  margin: 0 auto;
  width: 37.5rem;
}

.c2 div:nth-of-type(1) {
  margin-right: 0.625rem;
}

.c0 {
  margin: 6.25rem auto 6.25rem auto;
}

.c0 h1 {
  text-align: center;
}

@media (max-width:768px) {
  .c1 {
    font-size: 2.125rem;
    line-height: 3rem;
    -webkit-letter-spacing: 0.058125rem;
    -moz-letter-spacing: 0.058125rem;
    -ms-letter-spacing: 0.058125rem;
    letter-spacing: 0.058125rem;
  }
}

<div
    className="c0"
  >
    <h1
      className="c1"
    >
      Search MDB
    </h1>
    <div
      className="c2"
    >
      <div>
        <input
          className="c3"
          placeholder="Search for movie, tv show, person..."
          type="text"
        />
      </div>
      <div>
        <button
          className="c4"
          disabled={false}
          onClick={[Function]}
          type="button"
        >
          Search
        </button>
      </div>
    </div>
  </div>,
  .c0 {
  margin: 0 auto;
  max-width: 61.25rem;
  padding: 0 2.5rem 5rem 2.5rem;
}

.c0 h3 {
  margin-bottom: 0.25rem;
}

<div
    className="c0"
  />,
]
`;
