// Jest Snapshot v1, https://goo.gl/fbAQLP

exports[`components/atoms/Cta matches the snapshot of the component 1`] = `
.c0 {
  border-radius: 6.25rem;
  border: 1px solid;
  cursor: pointer;
  display: block;
  font-weight: 300;
  text-align: center;
  -webkit-text-decoration: none;
  text-decoration: none;
  white-space: nowrap;
  width: auto;
  color: #ffffff;
  font-size: 0.9375rem;
  line-height: 1.0625rem;
  -webkit-letter-spacing: 0.02125rem;
  -moz-letter-spacing: 0.02125rem;
  -ms-letter-spacing: 0.02125rem;
  letter-spacing: 0.02125rem;
  padding: 1rem 2.59375rem;
  vertical-align: middle;
  outline: 0;
  -webkit-transition: color .15s ease-in-out, background-color .15s ease-in-out, border-color .15s ease-in-out;
  transition: color .15s ease-in-out, background-color .15s ease-in-out, border-color .15s ease-in-out;
}

.c0:focus {
  box-shadow: 0px 0px 2px 2px rgba(23,109,220,0.8);
}

<button
  className="c0"
  disabled={false}
  onClick={[MockFunction]}
  type="button"
>
  Test Button
</button>
`;
